ds4: Linux rocm backend set oom_score_adj=1000
ds4: iogpu.wired_limit_mb is 0 -- TP expert shard will page lazily; raise it (e.g. sudo sysctl iogpu.wired_limit_mb=120000) for full residency
ds4: ROCm backend initialized on AMD Radeon 8060S Graphics (sm_115)
ds4: TP expert shard (rank 1): mapping 689 spans, 80.56 GiB of 151.76 GiB
ds4: ROCm chunk-copying 2.03 GiB model image
ds4: ROCm loading model tensors into device cache
ds4: ROCm model chunk copy complete in 0.593s (2.03 GiB tensors)
ds4: ROCm chunk-copying 0.56 GiB model image
ds4: ROCm model chunk copy complete in 0.149s (0.56 GiB tensors)
ds4: ROCm chunk-copying 0.56 GiB model image
ds4: ROCm model chunk copy complete in 0.150s (0.56 GiB tensors)
ds4: ROCm chunk-copying 0.84 GiB model image
ds4: ROCm model chunk copy complete in 0.233s (0.84 GiB tensors)
ds4: ROCm chunk-copying 0.56 GiB model image
ds4: ROCm model chunk copy complete in 0.146s (0.56 GiB tensors)
ds4: ROCm chunk-copying 0.56 GiB model image
ds4: ROCm model chunk copy complete in 0.149s (0.56 GiB tensors)
ds4: ROCm chunk-copying 1.15 GiB model image
ds4: ROCm model chunk copy complete in 0.314s (1.15 GiB tensors)
ds4: ROCm chunk-copying 0.56 GiB model image
ds4: ROCm model chunk copy complete in 0.146s (0.56 GiB tensors)
ds4: ROCm chunk-copying 0.56 GiB model image
ds4: ROCm model chunk copy complete in 0.148s (0.56 GiB tensors)
ds4: ROCm chunk-copying 0.84 GiB model image
ds4: ROCm model chunk copy complete in 0.229s (0.84 GiB tensors)
ds4: ROCm chunk-copying 0.56 GiB model image
ds4: ROCm model chunk copy complete in 0.150s (0.56 GiB tensors)
ds4: ROCm chunk-copying 0.56 GiB model image
ds4: ROCm model chunk copy complete in 0.150s (0.56 GiB tensors)
ds4: ROCm chunk-copying 0.84 GiB model image
ds4: ROCm model chunk copy complete in 0.222s (0.84 GiB tensors)
ds4: ROCm chunk-copying 0.56 GiB model image
ds4: ROCm model chunk copy complete in 0.150s (0.56 GiB tensors)
ds4: ROCm chunk-copying 0.56 GiB model image
ds4: ROCm model chunk copy complete in 0.150s (0.56 GiB tensors)
ds4: ROCm chunk-copying 0.84 GiB model image
ds4: ROCm model chunk copy complete in 0.229s (0.84 GiB tensors)
ds4: ROCm chunk-copying 0.56 GiB model image
ds4: ROCm model chunk copy complete in 0.147s (0.56 GiB tensors)
ds4: ROCm chunk-copying 0.56 GiB model image
ds4: ROCm model chunk copy complete in 0.150s (0.56 GiB tensors)
ds4: ROCm chunk-copying 0.84 GiB model image
ds4: ROCm model chunk copy complete in 0.225s (0.84 GiB tensors)
ds4: ROCm chunk-copying 0.56 GiB model image
ds4: ROCm model chunk copy complete in 0.151s (0.56 GiB tensors)
ds4: ROCm chunk-copying 0.56 GiB model image
ds4: ROCm model chunk copy complete in 0.149s (0.56 GiB tensors)
ds4: ROCm chunk-copying 0.84 GiB model image
ds4: ROCm model chunk copy complete in 0.227s (0.84 GiB tensors)
ds4: ROCm chunk-copying 0.56 GiB model image
ds4: ROCm model chunk copy complete in 0.150s (0.56 GiB tensors)
ds4: ROCm chunk-copying 0.56 GiB model image
ds4: ROCm model chunk copy complete in 0.149s (0.56 GiB tensors)
ds4: ROCm chunk-copying 0.86 GiB model image
ds4: ROCm model chunk copy complete in 0.232s (0.86 GiB tensors)
ds4: ROCm chunk-copying 0.56 GiB model image
ds4: ROCm model chunk copy complete in 0.150s (0.56 GiB tensors)
ds4: ROCm chunk-copying 0.56 GiB model image
ds4: ROCm model chunk copy complete in 0.150s (0.56 GiB tensors)
ds4: ROCm chunk-copying 0.84 GiB model image
ds4: ROCm model chunk copy complete in 0.224s (0.84 GiB tensors)
ds4: ROCm chunk-copying 0.56 GiB model image
ds4: ROCm model chunk copy complete in 0.148s (0.56 GiB tensors)
ds4: ROCm chunk-copying 0.56 GiB model image
ds4: ROCm model chunk copy complete in 0.153s (0.56 GiB tensors)
ds4: ROCm chunk-copying 0.84 GiB model image
ds4: ROCm model chunk copy complete in 0.230s (0.84 GiB tensors)
ds4: ROCm chunk-copying 0.56 GiB model image
ds4: ROCm model chunk copy complete in 0.154s (0.56 GiB tensors)
ds4: ROCm chunk-copying 0.56 GiB model image
ds4: ROCm model chunk copy complete in 0.153s (0.56 GiB tensors)
ds4: ROCm chunk-copying 0.84 GiB model image
ds4: ROCm model chunk copy complete in 0.229s (0.84 GiB tensors)
ds4: ROCm chunk-copying 0.56 GiB model image
ds4: ROCm model chunk copy complete in 0.154s (0.56 GiB tensors)
ds4: ROCm chunk-copying 0.56 GiB model image
ds4: ROCm model chunk copy complete in 0.155s (0.56 GiB tensors)
ds4: ROCm chunk-copying 0.84 GiB model image
ds4: ROCm model chunk copy complete in 0.228s (0.84 GiB tensors)
ds4: ROCm chunk-copying 0.56 GiB model image
ds4: ROCm model chunk copy complete in 0.157s (0.56 GiB tensors)
ds4: ROCm chunk-copying 0.56 GiB model image
ds4: ROCm model chunk copy complete in 0.155s (0.56 GiB tensors)
ds4: ROCm chunk-copying 0.84 GiB model image
ds4: ROCm model chunk copy complete in 0.232s (0.84 GiB tensors)
ds4: ROCm chunk-copying 0.56 GiB model image
ds4: ROCm model chunk copy complete in 0.156s (0.56 GiB tensors)
ds4: ROCm chunk-copying 0.56 GiB model image
ds4: ROCm model chunk copy complete in 0.154s (0.56 GiB tensors)
ds4: ROCm chunk-copying 0.86 GiB model image
ds4: ROCm model chunk copy complete in 0.236s (0.86 GiB tensors)
ds4: ROCm chunk-copying 0.56 GiB model image
ds4: ROCm model chunk copy complete in 0.154s (0.56 GiB tensors)
ds4: ROCm chunk-copying 0.56 GiB model image
ds4: ROCm model chunk copy complete in 0.153s (0.56 GiB tensors)
ds4: ROCm chunk-copying 1.13 GiB model image
ds4: ROCm model chunk copy complete in 0.311s (1.13 GiB tensors)
ds4: ROCm chunk-copying 0.56 GiB model image
ds4: ROCm model chunk copy complete in 0.155s (0.56 GiB tensors)
ds4: ROCm chunk-copying 0.56 GiB model image
ds4: ROCm model chunk copy complete in 0.155s (0.56 GiB tensors)
ds4: ROCm chunk-copying 0.84 GiB model image
ds4: ROCm model chunk copy complete in 0.230s (0.84 GiB tensors)
ds4: ROCm chunk-copying 0.56 GiB model image
ds4: ROCm model chunk copy complete in 0.156s (0.56 GiB tensors)
ds4: ROCm chunk-copying 0.56 GiB model image
ds4: ROCm model chunk copy complete in 0.154s (0.56 GiB tensors)
ds4: ROCm chunk-copying 0.84 GiB model image
ds4: ROCm model chunk copy complete in 0.231s (0.84 GiB tensors)
ds4: ROCm chunk-copying 0.56 GiB model image
ds4: ROCm model chunk copy complete in 0.154s (0.56 GiB tensors)
ds4: ROCm chunk-copying 0.56 GiB model image
ds4: ROCm model chunk copy complete in 0.155s (0.56 GiB tensors)
ds4: ROCm chunk-copying 0.84 GiB model image
ds4: ROCm loading model tensors 0.06 GiB cached
ds4: ROCm model chunk copy complete in 0.232s (0.84 GiB tensors)
ds4: ROCm chunk-copying 0.56 GiB model image
ds4: ROCm model chunk copy complete in 0.156s (0.56 GiB tensors)
ds4: ROCm chunk-copying 0.56 GiB model image
ds4: ROCm model chunk copy complete in 0.154s (0.56 GiB tensors)
ds4: ROCm chunk-copying 0.84 GiB model image
ds4: ROCm model chunk copy complete in 0.229s (0.84 GiB tensors)
ds4: ROCm chunk-copying 0.56 GiB model image
ds4: ROCm model chunk copy complete in 0.157s (0.56 GiB tensors)
ds4: ROCm chunk-copying 0.56 GiB model image
ds4: ROCm model chunk copy complete in 0.155s (0.56 GiB tensors)
ds4: ROCm chunk-copying 0.85 GiB model image
ds4: ROCm model chunk copy complete in 0.233s (0.85 GiB tensors)
ds4: ROCm chunk-copying 0.56 GiB model image
ds4: ROCm model chunk copy complete in 0.156s (0.56 GiB tensors)
ds4: ROCm chunk-copying 0.56 GiB model image
ds4: ROCm model chunk copy complete in 0.151s (0.56 GiB tensors)
ds4: ROCm chunk-copying 0.84 GiB model image
ds4: ROCm model chunk copy complete in 0.233s (0.84 GiB tensors)
ds4: ROCm chunk-copying 0.56 GiB model image
ds4: ROCm model chunk copy complete in 0.156s (0.56 GiB tensors)
ds4: ROCm chunk-copying 0.56 GiB model image
ds4: ROCm model chunk copy complete in 0.155s (0.56 GiB tensors)
ds4: ROCm chunk-copying 0.84 GiB model image
ds4: ROCm model chunk copy complete in 0.232s (0.84 GiB tensors)
ds4: ROCm chunk-copying 0.56 GiB model image
ds4: ROCm model chunk copy complete in 0.154s (0.56 GiB tensors)
ds4: ROCm chunk-copying 0.56 GiB model image
ds4: ROCm model chunk copy complete in 0.151s (0.56 GiB tensors)
ds4: ROCm chunk-copying 0.84 GiB model image
ds4: ROCm model chunk copy complete in 0.229s (0.84 GiB tensors)
ds4: ROCm chunk-copying 0.56 GiB model image
ds4: ROCm model chunk copy complete in 0.160s (0.56 GiB tensors)
ds4: ROCm chunk-copying 0.56 GiB model image
ds4: ROCm model chunk copy complete in 0.152s (0.56 GiB tensors)
ds4: ROCm chunk-copying 0.85 GiB model image
ds4: ROCm model chunk copy complete in 0.237s (0.85 GiB tensors)
ds4: ROCm chunk-copying 0.56 GiB model image
ds4: ROCm model chunk copy complete in 0.154s (0.56 GiB tensors)
ds4: ROCm chunk-copying 0.56 GiB model image
ds4: ROCm model chunk copy complete in 0.154s (0.56 GiB tensors)
ds4: ROCm chunk-copying 0.84 GiB model image
ds4: ROCm model chunk copy complete in 0.231s (0.84 GiB tensors)
ds4: ROCm chunk-copying 0.56 GiB model image
ds4: ROCm model chunk copy complete in 0.153s (0.56 GiB tensors)
ds4: ROCm chunk-copying 0.56 GiB model image
ds4: ROCm model chunk copy complete in 0.153s (0.56 GiB tensors)
ds4: ROCm chunk-copying 0.84 GiB model image
ds4: ROCm model chunk copy complete in 0.230s (0.84 GiB tensors)
ds4: ROCm chunk-copying 0.56 GiB model image
ds4: ROCm model chunk copy complete in 0.155s (0.56 GiB tensors)
ds4: ROCm chunk-copying 0.56 GiB model image
ds4: ROCm model chunk copy complete in 0.155s (0.56 GiB tensors)
ds4: ROCm chunk-copying 0.84 GiB model image
ds4: ROCm model chunk copy complete in 0.231s (0.84 GiB tensors)
ds4: ROCm chunk-copying 0.56 GiB model image
ds4: ROCm model chunk copy complete in 0.153s (0.56 GiB tensors)
ds4: ROCm chunk-copying 0.56 GiB model image
ds4: ROCm model chunk copy complete in 0.154s (0.56 GiB tensors)
ds4: ROCm chunk-copying 0.85 GiB model image
ds4: ROCm model chunk copy complete in 0.237s (0.85 GiB tensors)
ds4: ROCm chunk-copying 0.56 GiB model image
ds4: ROCm model chunk copy complete in 0.154s (0.56 GiB tensors)
ds4: ROCm chunk-copying 0.56 GiB model image
ds4: ROCm model chunk copy complete in 0.154s (0.56 GiB tensors)
ds4: ROCm chunk-copying 0.84 GiB model image
ds4: ROCm model chunk copy complete in 0.232s (0.84 GiB tensors)
ds4: ROCm chunk-copying 0.56 GiB model image
ds4: ROCm model chunk copy complete in 0.153s (0.56 GiB tensors)
ds4: ROCm chunk-copying 0.56 GiB model image
ds4: ROCm model chunk copy complete in 0.155s (0.56 GiB tensors)
ds4: ROCm chunk-copying 0.84 GiB model image
ds4: ROCm model chunk copy complete in 0.230s (0.84 GiB tensors)
ds4: ROCm chunk-copying 0.56 GiB model image
ds4: ROCm model chunk copy complete in 0.154s (0.56 GiB tensors)
ds4: ROCm chunk-copying 0.56 GiB model image
ds4: ROCm model chunk copy complete in 0.157s (0.56 GiB tensors)
ds4: ROCm chunk-copying 0.84 GiB model image
ds4: ROCm model chunk copy complete in 0.230s (0.84 GiB tensors)
ds4: ROCm chunk-copying 0.56 GiB model image
ds4: ROCm model chunk copy complete in 0.157s (0.56 GiB tensors)
ds4: ROCm chunk-copying 0.56 GiB model image
ds4: ROCm model chunk copy complete in 0.155s (0.56 GiB tensors)
ds4: ROCm chunk-copying 0.85 GiB model image
ds4: ROCm model chunk copy complete in 0.235s (0.85 GiB tensors)
ds4: ROCm chunk-copying 0.56 GiB model image
ds4: ROCm model chunk copy complete in 0.153s (0.56 GiB tensors)
ds4: ROCm chunk-copying 0.56 GiB model image
ds4: ROCm model chunk copy complete in 0.154s (0.56 GiB tensors)
ds4: ROCm chunk-copying 0.84 GiB model image
ds4: ROCm model chunk copy complete in 0.232s (0.84 GiB tensors)
ds4: ROCm chunk-copying 0.56 GiB model image
ds4: ROCm model chunk copy complete in 0.153s (0.56 GiB tensors)
ds4: ROCm chunk-copying 0.56 GiB model image
ds4: ROCm model chunk copy complete in 0.157s (0.56 GiB tensors)
ds4: ROCm chunk-copying 0.84 GiB model image
ds4: ROCm model chunk copy complete in 0.231s (0.84 GiB tensors)
ds4: ROCm chunk-copying 0.56 GiB model image
ds4: ROCm model chunk copy complete in 0.158s (0.56 GiB tensors)
ds4: ROCm chunk-copying 0.56 GiB model image
ds4: ROCm model chunk copy complete in 0.156s (0.56 GiB tensors)
ds4: ROCm chunk-copying 0.84 GiB model image
ds4: ROCm model chunk copy complete in 0.232s (0.84 GiB tensors)
ds4: ROCm chunk-copying 0.56 GiB model image
ds4: ROCm model chunk copy complete in 0.157s (0.56 GiB tensors)
ds4: ROCm chunk-copying 0.56 GiB model image
ds4: ROCm model chunk copy complete in 0.155s (0.56 GiB tensors)
ds4: ROCm chunk-copying 0.85 GiB model image
ds4: ROCm model chunk copy complete in 0.231s (0.85 GiB tensors)
ds4: ROCm chunk-copying 0.56 GiB model image
ds4: ROCm loading model tensors 0.25 GiB cached
ds4: ROCm model chunk copy complete in 0.155s (0.56 GiB tensors)
ds4: ROCm chunk-copying 0.56 GiB model image
ds4: ROCm model chunk copy complete in 0.154s (0.56 GiB tensors)
ds4: ROCm chunk-copying 0.84 GiB model image
ds4: ROCm model chunk copy complete in 0.232s (0.84 GiB tensors)
ds4: ROCm chunk-copying 0.56 GiB model image
ds4: ROCm model chunk copy complete in 0.153s (0.56 GiB tensors)
ds4: ROCm chunk-copying 0.56 GiB model image
ds4: ROCm model chunk copy complete in 0.154s (0.56 GiB tensors)
ds4: ROCm chunk-copying 0.84 GiB model image
ds4: ROCm model chunk copy complete in 0.235s (0.84 GiB tensors)
ds4: ROCm chunk-copying 0.56 GiB model image
ds4: ROCm model chunk copy complete in 0.153s (0.56 GiB tensors)
ds4: ROCm chunk-copying 0.56 GiB model image
ds4: ROCm model chunk copy complete in 0.152s (0.56 GiB tensors)
ds4: ROCm chunk-copying 0.84 GiB model image
ds4: ROCm model chunk copy complete in 0.226s (0.84 GiB tensors)
ds4: ROCm chunk-copying 0.56 GiB model image
ds4: ROCm model chunk copy complete in 0.154s (0.56 GiB tensors)
ds4: ROCm chunk-copying 0.56 GiB model image
ds4: ROCm model chunk copy complete in 0.155s (0.56 GiB tensors)
ds4: ROCm chunk-copying 0.69 GiB model image
ds4: ROCm model chunk copy complete in 0.190s (0.69 GiB tensors)
ds4: warming sharded tensor pages (rank 1): 80.57 of 151.76 GiB
ds4: sharded warm done in 108.9s (checksum=2577735768)
ds4: ROCm preparing model tensor mappings
ds4: ROCm startup model preparation covered 9.38 GiB of tensor spans in 0.004s
ds4: rocm backend initialized for graph diagnostics
ds4: memory: KV 0.11 GiB (raw 0.01 + compressed 0.10) + buffers 2.00 GiB + resident model 80.56 GiB = 82.67 GiB planned
ds4: memory detail: ctx=16384 prefill_cap=2048 raw_kv_rows=128 compressed_kv_rows=16385 backend=rocm
ds4-tp: leader connected, transport=tcp gate-timeout=5000ms
tensor parallelism bound: rank 1, 50/50 expert split, tcp transporttp worker ready for mirrored sessionsds4: V4.1 static context buffers 2162.03 MiB (ctx=16384), Engram disk-only
tp worker: leader finished